// Jest Snapshot v1, https://goo.gl/fbAQLP

exports[`CryptoCard Component should matches the snapshot 1`] = `
<a
  className="flex flex-row items-center justify-between border border-white rounded-xl py-5 px-3 cursor-pointer transition-transform hover:scale-105"
  href="/crypto/bitcoin"
  onClick={[Function]}
>
  <div
    className="flex flex-row items-center gap-x-3"
  >
    <img
      alt="Bitcoin"
      className="w-8 h-8"
      src="https://btc.jpg"
    />
    <div
      className="flex flex-col justify-center"
    >
      <h3
        className="text-white font-bold"
      >
        Bitcoin
      </h3>
      <p
        className="text-gray-400 uppercase"
      >
        BTC
      </p>
    </div>
  </div>
  <div
    className="flex flex-col justify-center items-end gap-y-1"
  >
    <p
      className="text-white font-bold"
    >
      $
      15000
    </p>
    <div
      className=" flexflex-row justify-center items-center bg-yellow rounded-lg px-2"
    >
      <p
        className="text-gray-400 font-bold"
      >
        #
        1
      </p>
    </div>
  </div>
</a>
`;
